// Jest Snapshot v1, https://goo.gl/fbAQLP

exports[`App loads & matches snapshot 1`] = `
<div
  className="animal-crossing-container"
>
  <span
    className="animal-crossing-header"
  >
    Animal Crossing
  </span>
  <span
    className="animal-crossing-header"
  >
    Fantasy Village
  </span>
  <div
    className="animal-crossing-img villager"
  />
  <div
    className="btn-container"
  >
    <a
      href="/login"
      id="login-link"
      onClick={[Function]}
    >
      <button
        className="animal-crossing-btn"
        id="login-btn"
      >
        Login
      </button>
    </a>
  </div>
  <div
    className="btn-container"
  >
    <a
      href="/register"
      id="register-link"
      onClick={[Function]}
    >
      <button
        className="animal-crossing-btn"
        id="register-btn"
      >
        Register
      </button>
    </a>
  </div>
</div>
`;
